Dim Foo(1 To 3)
Print LBound(Foo) - _PixelSize - 125
Print UBound(Foo, LBound(Foo)) - 1
Dim BAR As Long
Dim Bar(1 To 3)
Print LBound(Bar) - _PixelSize - 125
Print UBound(Bar, LBound(Bar)) - 1 + BAR
