PRINT "hello world"
'This is a comment
skipstuff: 'Come to here to skip
IF x   =   1 THEN

PRINT   abc$
        '$INCLUDE:'included.file'
ELSE
	while x > 1 'This line uses tab indent
        print ABC$ _
                    "xyz" _
                "foo"

WEND
  END IF
x$ =    "this" + _
   "is" + _
   "the" + _
   "way the world ends"


SUB s
$IF 1 THEN
      IF ABC$ =      "xyz" THEN x=1: PRINT : r    = 3
$ENDIF
  $IF 0 THEN
 print 3    >1
  x$ = "not" + _
       "with"
   print "a bang"
$END IF
SELECT CASE x
CASE 1
ab.f = 34.1
END SELECT
END SUB
